******************************************************************************
                  TI ARM Linker PC v20.2.7                     
******************************************************************************
>> Linked Mon Jan 15 06:57:00 2024

OUTPUT FILE NAME:   <AUTOSAR_Project.out>
ENTRY POINT SYMBOL: "_c_int00_noargs"  address: 00001535


MEMORY CONFIGURATION

         name            origin    length      used     unused   attr    fill
----------------------  --------  ---------  --------  --------  ----  --------
  FLASH                 00000000   00040000  00001726  0003e8da  R  X
  SRAM                  20000000   00008000  00000216  00007dea  RW X


SEGMENT ALLOCATION MAP

run origin  load origin   length   init length attrs members
----------  ----------- ---------- ----------- ----- -------
00000000    00000000    00001728   00001728    r-x
  00000000    00000000    0000026c   0000026c    r-- .intvecs
  0000026c    0000026c    0000135e   0000135e    r-x .text
  000015ca    000015ca    0000013c   0000013c    r-- .const
  00001708    00001708    00000020   00000020    r-- .cinit
20000000    20000000    00000216   00000000    rw-
  20000000    20000000    00000200   00000000    rw- .stack
  20000200    20000200    00000016   00000000    rw- .data


SECTION ALLOCATION MAP

 output                                  attributes/
section   page    origin      length       input sections
--------  ----  ----------  ----------   ----------------
.intvecs   0    00000000    0000026c     
                  00000000    0000026c     tm4c123gh6pm_startup_ccs.obj (.intvecs)

.text      0    0000026c    0000135e     
                  0000026c    00000c38     Port.obj (.text)
                  00000ea4    0000030c     Dio.obj (.text)
                  000011b0    000000a8     Os.obj (.text)
                  00001258    0000009c     rtsv7M4_T_le_v4SPD16_eabi.lib : memcpy_t2.asm.obj (.text)
                  000012f4    0000007c     Button.obj (.text)
                  00001370    0000007c     Gpt.obj (.text)
                  000013ec    00000068     rtsv7M4_T_le_v4SPD16_eabi.lib : copy_decompress_lzss.c.obj (.text:decompress:lzss:__TI_decompress_lzss)
                  00001454    0000005c     App.obj (.text)
                  000014b0    00000044     rtsv7M4_T_le_v4SPD16_eabi.lib : autoinit.c.obj (.text:__TI_auto_init_nobinit_nopinit:__TI_auto_init_nobinit_nopinit)
                  000014f4    0000003e     Led.obj (.text)
                  00001532    00000002     --HOLE-- [fill = 0]
                  00001534    00000034     rtsv7M4_T_le_v4SPD16_eabi.lib : boot_cortex_m.c.obj (.text:_c_int00_noargs:_c_int00_noargs)
                  00001568    00000020     Mcu.obj (.text)
                  00001588    00000016     Det.obj (.text)
                  0000159e    0000000e     rtsv7M4_T_le_v4SPD16_eabi.lib : copy_decompress_none.c.obj (.text:decompress:none:__TI_decompress_none)
                  000015ac    0000000c     tm4c123gh6pm_startup_ccs.obj (.text)
                  000015b8    0000000a     main.obj (.text)
                  000015c2    00000004     rtsv7M4_T_le_v4SPD16_eabi.lib : pre_init.c.obj (.text:_system_pre_init)
                  000015c6    00000004                                   : exit.c.obj (.text:abort:abort)

.const     0    000015ca    0000013c     
                  000015ca    00000138     Port_PBcfg.obj (.const:Port_Configuration)
                  00001702    00000004     Dio_PBcfg.obj (.const:Dio_Configuration)

.cinit     0    00001708    00000020     
                  00001708    0000000e     (.cinit..data.load) [load image, compression = lzss]
                  00001716    00000002     --HOLE-- [fill = 0]
                  00001718    00000008     (__TI_handler_table)
                  00001720    00000008     (__TI_cinit_table)

.init_array 
*          0    00000000    00000000     UNINITIALIZED

.data      0    20000200    00000016     UNINITIALIZED
                  20000200    00000005     Dio.obj (.data)
                  20000205    00000003     Button.obj (.data)
                  20000208    00000005     Port.obj (.data)
                  2000020d    00000002     App.obj (.data)
                  2000020f    00000001     --HOLE--
                  20000210    00000004     Gpt.obj (.data)
                  20000214    00000002     Os.obj (.data)

.stack     0    20000000    00000200     UNINITIALIZED
                  20000000    00000004     rtsv7M4_T_le_v4SPD16_eabi.lib : boot_cortex_m.c.obj (.stack)
                  20000004    000001fc     --HOLE--

__llvm_prf_cnts 
*          0    20000000    00000000     UNINITIALIZED

MODULE SUMMARY

       Module                         code   ro data   rw data
       ------                         ----   -------   -------
    .\
       Port.obj                       3128   0         5      
       Dio.obj                        780    0         5      
       tm4c123gh6pm_startup_ccs.obj   12     620       0      
       Port_PBcfg.obj                 0      312       0      
       Os.obj                         168    0         2      
       Gpt.obj                        124    0         4      
       Button.obj                     124    0         3      
       App.obj                        92     0         2      
       Led.obj                        62     0         0      
       Mcu.obj                        32     0         0      
       Det.obj                        22     0         0      
       main.obj                       10     0         0      
       Dio_PBcfg.obj                  0      4         0      
    +--+------------------------------+------+---------+---------+
       Total:                         4554   936       21     
                                                              
    C:\ti\ccs1250\ccs\tools\compiler\ti-cgt-arm_20.2.7.LTS\lib\rtsv7M4_T_le_v4SPD16_eabi.lib
       memcpy_t2.asm.obj              156    0         0      
       copy_decompress_lzss.c.obj     104    0         0      
       autoinit.c.obj                 68     0         0      
       boot_cortex_m.c.obj            52     0         0      
       copy_decompress_none.c.obj     14     0         0      
       exit.c.obj                     4      0         0      
       pre_init.c.obj                 4      0         0      
    +--+------------------------------+------+---------+---------+
       Total:                         402    0         0      
                                                              
       Stack:                         0      0         512    
       Linker Generated:              0      30        0      
    +--+------------------------------+------+---------+---------+
       Grand Total:                   4956   966       533    


LINKER GENERATED COPY TABLES

__TI_cinit_table @ 00001720 records: 1, size/record: 8, table size: 8
	.data: load addr=00001708, load size=0000000e bytes, run addr=20000200, run size=00000016 bytes, compression=lzss


LINKER GENERATED HANDLER TABLE

__TI_handler_table @ 00001718 records: 2, size/record: 4, table size: 8
	index: 0, handler: __TI_decompress_lzss
	index: 1, handler: __TI_decompress_none


GLOBAL SYMBOLS: SORTED ALPHABETICALLY BY Name 

address   name                          
-------   ----                          
00001479  App_Task                      
000012f5  Button_GetState               
000012fb  Button_RefreshState           
00001469  Button_Task                   
000015c7  C$$EXIT                       
00001589  Det_ReportError               
00001702  Dio_Configuration             
00001083  Dio_FlipChannel               
00000ea5  Dio_Init                      
00000fa9  Dio_ReadChannel               
00000ec9  Dio_WriteChannel              
00001455  Init_Task                     
0000150d  Led_RefreshOutput             
00001501  Led_SetOff                    
000014f5  Led_SetOn                     
00001471  Led_Task                      
00001525  Led_Toggle                    
00001569  Mcu_Init                      
000011cb  Os_NewTimerTick               
000011db  Os_Scheduler                  
000011b1  Os_start                      
000015ca  Port_Configuration            
0000026d  Port_Init                     
00000c23  Port_RefreshPortDirection     
000006a7  Port_SetPinDirection          
00000915  Port_SetPinMode               
000015ad  ResetISR                      
00001371  SysTick_Handler               
000013c9  SysTick_SetCallBack           
00001381  SysTick_Start                 
000013c1  SysTick_Stop                  
20000200  __STACK_END                   
00000200  __STACK_SIZE                  
20000200  __STACK_TOP                   
00001720  __TI_CINIT_Base               
00001728  __TI_CINIT_Limit              
00001718  __TI_Handler_Table_Base       
00001720  __TI_Handler_Table_Limit      
000014b1  __TI_auto_init_nobinit_nopinit
000013ed  __TI_decompress_lzss          
0000159f  __TI_decompress_none          
ffffffff  __TI_pprof_out_hndl           
ffffffff  __TI_prof_data_size           
ffffffff  __TI_prof_data_start          
00000000  __TI_static_base__            
00001259  __aeabi_memcpy                
00001259  __aeabi_memcpy4               
00001259  __aeabi_memcpy8               
ffffffff  __binit__                     
ffffffff  __c_args__                    
UNDEFED   __mpu_init                    
20000000  __stack                       
20000000  __start___llvm_prf_cnts       
20000000  __stop___llvm_prf_cnts        
00001535  _c_int00_noargs               
UNDEFED   _system_post_cinit            
000015c3  _system_pre_init              
000015c7  abort                         
ffffffff  binit                         
00000000  g_pfnVectors                  
000015b9  main                          
00001259  memcpy                        


GLOBAL SYMBOLS: SORTED BY Symbol Address 

address   name                          
-------   ----                          
00000000  __TI_static_base__            
00000000  g_pfnVectors                  
00000200  __STACK_SIZE                  
0000026d  Port_Init                     
000006a7  Port_SetPinDirection          
00000915  Port_SetPinMode               
00000c23  Port_RefreshPortDirection     
00000ea5  Dio_Init                      
00000ec9  Dio_WriteChannel              
00000fa9  Dio_ReadChannel               
00001083  Dio_FlipChannel               
000011b1  Os_start                      
000011cb  Os_NewTimerTick               
000011db  Os_Scheduler                  
00001259  __aeabi_memcpy                
00001259  __aeabi_memcpy4               
00001259  __aeabi_memcpy8               
00001259  memcpy                        
000012f5  Button_GetState               
000012fb  Button_RefreshState           
00001371  SysTick_Handler               
00001381  SysTick_Start                 
000013c1  SysTick_Stop                  
000013c9  SysTick_SetCallBack           
000013ed  __TI_decompress_lzss          
00001455  Init_Task                     
00001469  Button_Task                   
00001471  Led_Task                      
00001479  App_Task                      
000014b1  __TI_auto_init_nobinit_nopinit
000014f5  Led_SetOn                     
00001501  Led_SetOff                    
0000150d  Led_RefreshOutput             
00001525  Led_Toggle                    
00001535  _c_int00_noargs               
00001569  Mcu_Init                      
00001589  Det_ReportError               
0000159f  __TI_decompress_none          
000015ad  ResetISR                      
000015b9  main                          
000015c3  _system_pre_init              
000015c7  C$$EXIT                       
000015c7  abort                         
000015ca  Port_Configuration            
00001702  Dio_Configuration             
00001718  __TI_Handler_Table_Base       
00001720  __TI_CINIT_Base               
00001720  __TI_Handler_Table_Limit      
00001728  __TI_CINIT_Limit              
20000000  __stack                       
20000000  __start___llvm_prf_cnts       
20000000  __stop___llvm_prf_cnts        
20000200  __STACK_END                   
20000200  __STACK_TOP                   
ffffffff  __TI_pprof_out_hndl           
ffffffff  __TI_prof_data_size           
ffffffff  __TI_prof_data_start          
ffffffff  __binit__                     
ffffffff  __c_args__                    
ffffffff  binit                         
UNDEFED   __mpu_init                    
UNDEFED   _system_post_cinit            

[62 symbols]
